core_cm3.h:1480:22:__NVIC_SetPriorityGrouping	24	static
stm32f1xx_ll_rcc.h:744:22:LL_RCC_HSE_EnableCSS	4	static
stm32f1xx_ll_rcc.h:774:22:LL_RCC_HSE_Enable	4	static
stm32f1xx_ll_rcc.h:794:26:LL_RCC_HSE_IsReady	4	static
stm32f1xx_ll_rcc.h:1014:22:LL_RCC_SetSysClkSource	16	static
stm32f1xx_ll_rcc.h:1027:26:LL_RCC_GetSysClkSource	4	static
stm32f1xx_ll_rcc.h:1047:22:LL_RCC_SetAHBPrescaler	16	static
stm32f1xx_ll_rcc.h:1063:22:LL_RCC_SetAPB1Prescaler	16	static
stm32f1xx_ll_rcc.h:1079:22:LL_RCC_SetAPB2Prescaler	16	static
stm32f1xx_ll_rcc.h:1387:22:LL_RCC_PLL_Enable	4	static
stm32f1xx_ll_rcc.h:1408:26:LL_RCC_PLL_IsReady	4	static
stm32f1xx_ll_rcc.h:1477:22:LL_RCC_PLL_ConfigDomain_SYS	16	static
stm32f1xx_ll_bus.h:447:22:LL_APB1_GRP1_EnableClock	24	static
stm32f1xx_ll_bus.h:763:22:LL_APB2_GRP1_EnableClock	24	static
stm32f1xx_ll_system.h:470:22:LL_FLASH_SetLatency	16	static
stm32f1xx_ll_system.h:483:26:LL_FLASH_GetLatency	4	static
stm32f1xx_ll_tim.h:1178:22:LL_TIM_EnableARRPreload	16	static
stm32f1xx_ll_tim.h:1786:22:LL_TIM_OC_DisableFast	24	static
stm32f1xx_ll_tim.h:1830:22:LL_TIM_OC_EnablePreload	24	static
stm32f1xx_ll_tim.h:2512:22:LL_TIM_SetClockSource	16	static
stm32f1xx_ll_tim.h:2558:22:LL_TIM_SetTriggerOutput	16	static
stm32f1xx_ll_tim.h:2624:22:LL_TIM_DisableMasterSlaveMode	16	static
stm32f1xx_ll_gpio.h:1056:22:LL_GPIO_AF_RemapPartial_TIM1	4	static
stm32f1xx_ll_gpio.h:1563:22:LL_GPIO_AF_Remap_SWJ_NOJTAG	4	static
main.c:65:5:main	32	static
main.c:253:6:SystemClock_Config	8	static
main.c:294:13:MX_TIM1_Init	104	static
main.c:386:13:MX_GPIO_Init	8	static
main.c:405:6:Error_Handler	4	static
